// Jest Snapshot v1, https://goo.gl/fbAQLP

exports[`Switch should render 1`] = `
<span
  className="MuiSwitch-root-exLPbV gSFOTe MuiSwitch-root MuiSwitch-sizeMedium"
>
  <span
    className="MuiButtonBase-root-kHvgeY huicfx MuiButtonBase-root MuiSwitch-switchBase makeStyles-switchBase-1 MuiSwitch-colorPrimary Mui-checked makeStyles-checked-2 MuiSwitchBase-root-bgDfPc gYCHZR PrivateSwitchBase-root MuiSwitch-switchBase makeStyles-switchBase-1 MuiSwitch-colorPrimary Mui-checked makeStyles-checked-2 Mui-checked makeStyles-checked-2 MuiSwitch-switchBase-gbuYuI kkNVPt"
    data-test-id="jest-test-switch-1"
    onBlur={[Function]}
    onContextMenu={[Function]}
    onDragLeave={[Function]}
    onFocus={[Function]}
    onKeyDown={[Function]}
    onKeyUp={[Function]}
    onMouseDown={[Function]}
    onMouseLeave={[Function]}
    onMouseUp={[Function]}
    onTouchEnd={[Function]}
    onTouchMove={[Function]}
    onTouchStart={[Function]}
    role="button"
    tabIndex={null}
  >
    <input
      checked={true}
      className="MuiSwitchBase-root-cYmorr bUJXRi PrivateSwitchBase-input MuiSwitch-input"
      id="test"
      onChange={[Function]}
      required={false}
      type="checkbox"
    />
    <span
      className="MuiSwitch-thumb-dZmXjV hHamyH MuiSwitch-thumb"
    />
  </span>
  <span
    className="MuiSwitch-track-jPjpPw fOlYLR MuiSwitch-track makeStyles-track-3"
  />
</span>
`;
