// Jest Snapshot v1, https://goo.gl/fbAQLP

exports[`Chip should render 1`] = `
<div
  className="MuiButtonBase-root-kHvgeY huicfx MuiButtonBase-root MuiChip-root-iYEqDV gUcizm MuiChip-root MuiChip-default MuiChip-sizeMedium MuiChip-colorPrimary MuiChip-clickable MuiChip-clickableColorPrimary MuiChip-defaultPrimary"
  onBlur={[Function]}
  onContextMenu={[Function]}
  onDragLeave={[Function]}
  onFocus={[Function]}
  onKeyDown={[Function]}
  onKeyUp={[Function]}
  onMouseDown={[Function]}
  onMouseLeave={[Function]}
  onMouseUp={[Function]}
  onTouchEnd={[Function]}
  onTouchMove={[Function]}
  onTouchStart={[Function]}
  role="button"
  style={{}}
  tabIndex={0}
>
  <span
    className="MuiChip-label-jdirIB gKxyeV MuiChip-label MuiChip-labelMedium"
  >
    test
  </span>
</div>
`;
